
> starter-nextjs@0.1.0 build
> next build

  Ôû▓ Next.js 14.2.23
  - Environments: .env.local

   Creating an optimized production build ...
 Ô£ô Compiled successfully
   Linting and checking validity of types ...
node.exe :  Ô¿» ESLint: Cannot read config file: D:\laragon\www\celeparty-fe\.eslintrc.json Error: Unexpected non-wh
itespace character after JSON at position 12 (line 1 column 13)
At D:\WORK\NodeJS\npm.ps1:29 char:3
+   & $NODE_EXE $NPM_CLI_JS $args
+   ~~~~~~~~~~~~~~~~~~~~~~~~~~~~~
    + CategoryInfo          : NotSpecified: ( Ô¿» ESLint: Ca...ne 1 column 13):String) [], RemoteException
    + FullyQualifiedErrorId : NativeCommandError
 
